// Jest Snapshot v1, https://goo.gl/fbAQLP

exports[`renders 1`] = `
<div
  className="makeStyles-section-2"
>
  <div
    className="MuiBox-root MuiBox-root-3 makeStyles-profilePhoto-1"
  >
    <img
      alt="profile"
      className="makeStyles-profilePhoto-1"
      src="profile-2017-web@800.jpg"
    />
  </div>
  <h1
    className="MuiTypography-root MuiTypography-h1"
  >
    Kevin Cooper
  </h1>
  <h2
    className="MuiTypography-root MuiTypography-h2"
  >
    Improv comedy. Social justice. Ethical technology. Software consultant.
  </h2>
</div>
`;
