// Jest Snapshot v1, https://goo.gl/fbAQLP

exports[`renders 1`] = `
<div
  className="makeStyles-section-2"
>
  <div
    className="MuiBox-root MuiBox-root-3 makeStyles-profilePhoto-1"
  >
    <img
      alt="profile"
      className="makeStyles-profilePhoto-1"
      src="profile-2017.jpg"
    />
  </div>
  <h3
    className="MuiTypography-root MuiTypography-h3"
  >
    Kevin Cooper
  </h3>
  <h6
    className="MuiTypography-root MuiTypography-h6"
  >
    Improv comedy, ethical technology, anti-oppressive software consultant.
  </h6>
</div>
`;
