// Jest Snapshot v1, https://goo.gl/fbAQLP

exports[`renders 1`] = `
<li
  className="makeStyles-listItem-1"
>
  <a
    className="makeStyles-anchor-2"
    href="url"
  >
    <img
      alt="name"
      className="makeStyles-icon-3 makeStyles-dark-4 dark"
      src="icon"
    />
    <img
      alt="name"
      className="makeStyles-icon-3 makeStyles-colorful-5 colorful"
      src="iconHover"
    />
  </a>
</li>
`;
