// Jest Snapshot v1, https://goo.gl/fbAQLP

exports[`renders 1`] = `
<div
  className="makeStyles-section-1"
>
  <h5
    className="MuiTypography-root MuiTypography-h5"
  >
    Hosted projects:
  </h5>
  <div
    className="makeStyles-links-2"
  >
    <div
      className="MuiPaper-root MuiCard-root makeStyles-container-3 MuiPaper-elevation1 MuiPaper-rounded"
    >
      <div
        className="MuiCardContent-root"
      >
        <p
          className="MuiTypography-root makeStyles-title-5 MuiTypography-body1"
        >
          <a
            className="makeStyles-anchor-4"
            href="https://piano.cooperka.com/"
          >
            Two-Hand Piano
          </a>
        </p>
        <p
          className="MuiTypography-root MuiTypography-body2"
        >
          Web piano built with Tone.js
        </p>
      </div>
    </div>
    <div
      className="MuiPaper-root MuiCard-root makeStyles-container-3 MuiPaper-elevation1 MuiPaper-rounded"
    >
      <div
        className="MuiCardContent-root"
      >
        <p
          className="MuiTypography-root makeStyles-title-5 MuiTypography-body1"
        >
          <a
            className="makeStyles-anchor-4"
            href="https://name.cooperka.com/"
          >
            NeuroName
          </a>
        </p>
        <p
          className="MuiTypography-root MuiTypography-body2"
        >
          Game to improve your memory by matching celebrity names to faces.
        </p>
      </div>
    </div>
  </div>
</div>
`;
