// Jest Snapshot v1, https://goo.gl/fbAQLP

exports[`renders 1`] = `
<div
  className="makeStyles-section-1"
>
  <h2
    className="MuiTypography-root MuiTypography-h2"
  >
    Hosted projects:
  </h2>
  <ul
    className="makeStyles-links-2"
  >
    <li
      className="makeStyles-listItem-3"
    >
      <div
        className="makeStyles-title-5"
      >
        <a
          className="makeStyles-anchor-4"
          href="https://piano.cooperka.com/"
        >
          Two-Hand Piano
        </a>
      </div>
      <div
        className="makeStyles-subtitle-6"
      >
        Web piano built with Tone.js
      </div>
    </li>
    <li
      className="makeStyles-listItem-3"
    >
      <div
        className="makeStyles-title-5"
      >
        <a
          className="makeStyles-anchor-4"
          href="https://name.cooperka.com/"
        >
          NeuroName
        </a>
      </div>
      <div
        className="makeStyles-subtitle-6"
      >
        Game to improve your memory by matching celebrity names to faces.
      </div>
    </li>
  </ul>
</div>
`;
