// Jest Snapshot v1, https://goo.gl/fbAQLP

exports[`renders 1`] = `
<footer
  className="makeStyles-container-1"
>
  <p
    className="MuiTypography-root MuiTypography-body2"
  >
    © 2020 Kevin Cooper •
     
    <a
      href="https://github.com/cooperka/personal-website"
    >
      View source
    </a>
  </p>
</footer>
`;
