// Jest Snapshot v1, https://goo.gl/fbAQLP

exports[`renders 1`] = `
<li
  className="makeStyles-listItem-1"
>
  <div
    className="makeStyles-title-3"
  >
    <a
      className="makeStyles-anchor-2"
      href="url"
    >
      name
    </a>
  </div>
  <div
    className="makeStyles-subtitle-4"
  >
    description
  </div>
</li>
`;
