// Jest Snapshot v1, https://goo.gl/fbAQLP

exports[`renders 1`] = `
<div
  className="MuiPaper-root MuiCard-root makeStyles-container-1 MuiPaper-elevation1 MuiPaper-rounded"
>
  <div
    className="MuiCardContent-root"
  >
    <p
      className="MuiTypography-root makeStyles-title-3 MuiTypography-body1"
    >
      <a
        className="makeStyles-anchor-2"
        href="url"
      >
        name
      </a>
    </p>
    <p
      className="MuiTypography-root MuiTypography-body2"
    >
      description
    </p>
  </div>
</div>
`;
