// Jest Snapshot v1, https://goo.gl/fbAQLP

exports[`renders 1`] = `
<div
  className="App"
>
  <div
    className="main-header"
  >
    <img
      alt="profile"
      className="profile-photo material z-depth-1"
      src="profile-2017-web@800.jpg"
    />
    <div
      className="main-title"
    >
      Kevin Cooper
    </div>
    <div
      className="main-subtitle"
    >
      Software consultant/developer
    </div>
    <div
      className="main-subtitle"
    >
      Interested in social justice and ethical technology
    </div>
    <div
      className="main-subtitle"
    >
      Find out more:
    </div>
  </div>
  <ul
    className="social-links"
  >
    <SocialLink
      icon={
        Object {
          "ReactComponent": [Function],
          "__esModule": true,
          "default": "Github-black.svg",
        }
      }
      iconHover={
        Object {
          "ReactComponent": [Function],
          "__esModule": true,
          "default": "Github-color.svg",
        }
      }
      name="GitHub"
      url="https://github.com/cooperka"
    />
    <SocialLink
      icon={
        Object {
          "ReactComponent": [Function],
          "__esModule": true,
          "default": "LinkedIn-black.svg",
        }
      }
      iconHover={
        Object {
          "ReactComponent": [Function],
          "__esModule": true,
          "default": "LinkedIn-color.svg",
        }
      }
      name="LinkedIn"
      url="https://www.linkedin.com/in/cooperka92"
    />
    <SocialLink
      icon={
        Object {
          "ReactComponent": [Function],
          "__esModule": true,
          "default": "Medium-black.svg",
        }
      }
      iconHover={
        Object {
          "ReactComponent": [Function],
          "__esModule": true,
          "default": "Medium-color.svg",
        }
      }
      name="Medium"
      url="https://medium.com/@cooperka"
    />
    <SocialLink
      icon={
        Object {
          "ReactComponent": [Function],
          "__esModule": true,
          "default": "Facebook-black.svg",
        }
      }
      iconHover={
        Object {
          "ReactComponent": [Function],
          "__esModule": true,
          "default": "Facebook-color.svg",
        }
      }
      name="Facebook"
      url="https://www.facebook.com/cooperka"
    />
    <SocialLink
      icon={
        Object {
          "ReactComponent": [Function],
          "__esModule": true,
          "default": "Twitter-black.svg",
        }
      }
      iconHover={
        Object {
          "ReactComponent": [Function],
          "__esModule": true,
          "default": "Twitter-color.svg",
        }
      }
      name="Twitter"
      url="https://twitter.com/cooperka92"
    />
    <SocialLink
      icon={
        Object {
          "ReactComponent": [Function],
          "__esModule": true,
          "default": "Tumblr-black.svg",
        }
      }
      iconHover={
        Object {
          "ReactComponent": [Function],
          "__esModule": true,
          "default": "Tumblr-color.svg",
        }
      }
      name="Tumblr"
      url="https://mentalmorsels.tumblr.com/"
    />
  </ul>
  <div
    className="footer"
  >
    <div>
      © 2020 Kevin Cooper •
       
      <a
        href="https://github.com/cooperka/personal-website"
      >
        View source
      </a>
    </div>
  </div>
</div>
`;
