// Jest Snapshot v1, https://goo.gl/fbAQLP

exports[`renders 1`] = `
<div
  className="main-section"
>
  <div
    className="main-subtitle"
  >
    Find out more:
  </div>
  <ul
    className="links"
  >
    <li
      className="social-link-item"
    >
      <a
        className="social-link-anchor"
        href="https://github.com/cooperka"
      >
        <img
          alt="GitHub"
          className="social-icon dark"
          src="Github-black.svg"
        />
        <img
          alt="GitHub"
          className="social-icon colorful"
          src="Github-color.svg"
        />
      </a>
    </li>
    <li
      className="social-link-item"
    >
      <a
        className="social-link-anchor"
        href="https://www.linkedin.com/in/cooperka92"
      >
        <img
          alt="LinkedIn"
          className="social-icon dark"
          src="LinkedIn-black.svg"
        />
        <img
          alt="LinkedIn"
          className="social-icon colorful"
          src="LinkedIn-color.svg"
        />
      </a>
    </li>
    <li
      className="social-link-item"
    >
      <a
        className="social-link-anchor"
        href="https://medium.com/@cooperka"
      >
        <img
          alt="Medium"
          className="social-icon dark"
          src="Medium-black.svg"
        />
        <img
          alt="Medium"
          className="social-icon colorful"
          src="Medium-color.svg"
        />
      </a>
    </li>
    <li
      className="social-link-item"
    >
      <a
        className="social-link-anchor"
        href="https://www.facebook.com/cooperka"
      >
        <img
          alt="Facebook"
          className="social-icon dark"
          src="Facebook-black.svg"
        />
        <img
          alt="Facebook"
          className="social-icon colorful"
          src="Facebook-color.svg"
        />
      </a>
    </li>
    <li
      className="social-link-item"
    >
      <a
        className="social-link-anchor"
        href="https://twitter.com/cooperka92"
      >
        <img
          alt="Twitter"
          className="social-icon dark"
          src="Twitter-black.svg"
        />
        <img
          alt="Twitter"
          className="social-icon colorful"
          src="Twitter-color.svg"
        />
      </a>
    </li>
    <li
      className="social-link-item"
    >
      <a
        className="social-link-anchor"
        href="https://mentalmorsels.tumblr.com/"
      >
        <img
          alt="Tumblr"
          className="social-icon dark"
          src="Tumblr-black.svg"
        />
        <img
          alt="Tumblr"
          className="social-icon colorful"
          src="Tumblr-color.svg"
        />
      </a>
    </li>
  </ul>
</div>
`;
