// Jest Snapshot v1, https://goo.gl/fbAQLP

exports[`renders 1`] = `
<div
  className="makeStyles-section-1"
>
  <h5
    className="MuiTypography-root MuiTypography-h5"
  >
    Find out more:
  </h5>
  <ul
    className="makeStyles-links-2"
  >
    <li
      className="makeStyles-listItem-3"
    >
      <a
        className="makeStyles-anchor-4"
        href="https://github.com/cooperka"
      >
        <img
          alt="GitHub"
          className="makeStyles-icon-5 makeStyles-dark-6 dark"
          src="Github-black.svg"
        />
        <img
          alt="GitHub"
          className="makeStyles-icon-5 makeStyles-colorful-7 colorful"
          src="Github-color.svg"
        />
      </a>
    </li>
    <li
      className="makeStyles-listItem-3"
    >
      <a
        className="makeStyles-anchor-4"
        href="https://www.linkedin.com/in/cooperka92"
      >
        <img
          alt="LinkedIn"
          className="makeStyles-icon-5 makeStyles-dark-6 dark"
          src="LinkedIn-black.svg"
        />
        <img
          alt="LinkedIn"
          className="makeStyles-icon-5 makeStyles-colorful-7 colorful"
          src="LinkedIn-color.svg"
        />
      </a>
    </li>
    <li
      className="makeStyles-listItem-3"
    >
      <a
        className="makeStyles-anchor-4"
        href="https://medium.com/@cooperka"
      >
        <img
          alt="Medium"
          className="makeStyles-icon-5 makeStyles-dark-6 dark"
          src="Medium-black.svg"
        />
        <img
          alt="Medium"
          className="makeStyles-icon-5 makeStyles-colorful-7 colorful"
          src="Medium-color.svg"
        />
      </a>
    </li>
    <li
      className="makeStyles-listItem-3"
    >
      <a
        className="makeStyles-anchor-4"
        href="https://www.facebook.com/cooperka"
      >
        <img
          alt="Facebook"
          className="makeStyles-icon-5 makeStyles-dark-6 dark"
          src="Facebook-black.svg"
        />
        <img
          alt="Facebook"
          className="makeStyles-icon-5 makeStyles-colorful-7 colorful"
          src="Facebook-color.svg"
        />
      </a>
    </li>
    <li
      className="makeStyles-listItem-3"
    >
      <a
        className="makeStyles-anchor-4"
        href="https://twitter.com/cooperka92"
      >
        <img
          alt="Twitter"
          className="makeStyles-icon-5 makeStyles-dark-6 dark"
          src="Twitter-black.svg"
        />
        <img
          alt="Twitter"
          className="makeStyles-icon-5 makeStyles-colorful-7 colorful"
          src="Twitter-color.svg"
        />
      </a>
    </li>
    <li
      className="makeStyles-listItem-3"
    >
      <a
        className="makeStyles-anchor-4"
        href="https://mentalmorsels.tumblr.com/"
      >
        <img
          alt="Tumblr"
          className="makeStyles-icon-5 makeStyles-dark-6 dark"
          src="Tumblr-black.svg"
        />
        <img
          alt="Tumblr"
          className="makeStyles-icon-5 makeStyles-colorful-7 colorful"
          src="Tumblr-color.svg"
        />
      </a>
    </li>
  </ul>
</div>
`;
